---
source: src/visitor/dot.rs
expression: v.into_inner().finalise()
---
digraph g {
	root [shape=diamond style=dotted];
	root -> page_1:head
	page_1 [shape=record, label="<head>Level 42|<k1>·|k1|<k2>·|k2"]

}

