---
source: src/visitor/dot.rs
expression: dot
---
digraph g {
	page_1:I -> page_2:head;
	page_2 [shape=record, label="<head>Level 1|<E>路|E|<high_page>路"]
	page_2:high_page -> page_3:head [fontcolor=red color=red label="high page"];

	page_3 [shape=record, label="<head>Level 0|<F>路|F"]

	root [shape=diamond style=dotted];
	root -> page_1:head
	page_1 [shape=record, label="<head>Level 2|<I>路|I"]

}

