---
source: src/visitor/dot.rs
expression: v.into_inner().finalise()
---
digraph g {
	root [shape=diamond style=dotted];
	root -> page_1:head
	page_1 [shape=record, label="<head>Level 42|<10749111111111111111111111111111111>路|10749111111111111111111111111111111|<10750111111111111111111111111111111>路|10750111111111111111111111111111111|<high_page>路"]
	page_1:high_page -> page_2:head [fontcolor=red color=red label="high page"];

	page_2 [shape=record, label="<head>Level 0|<12295104105103104491111111111111111111111111>路|12295104105103104491111111111111111111111111"]

}

