---
source: src/tree.rs
expression: dot
---
digraph g {
	page_1:2401111111111111111111111111111111 -> page_2:head;
	page_2 [shape=record, label="<head>Level 0|<11111111111111111111111111111111>·|11111111111111111111111111111111"]

	root [shape=diamond style=dotted];
	root -> page_1:head
	page_1 [shape=record, label="<head>Level 1|<2401111111111111111111111111111111>·|2401111111111111111111111111111111"]

}

