---
source: src/tree.rs
expression: dot
---
digraph g {
	root [shape=diamond style=dotted];
	root -> page_1:head
	page_1 [shape=record, label="<head>Level 4|<00111111111111111111111111111111>Â·|00111111111111111111111111111111"]

}

