---
source: src/tree.rs
expression: dot
---
digraph g {
	page_1:5 -> page_2:head;
	page_2 [shape=record, label="<head>Level 52|<3>·|3|<high_page>·"]
	page_2:high_page -> page_3:head [fontcolor=red color=red label="high page"];

	page_3 [shape=record, label="<head>Level 20|<4>·|4"]

	root [shape=diamond style=dotted];
	root -> page_1:head
	page_1 [shape=record, label="<head>Level 64|<2>·|2|<5>·|5|<high_page>·"]
	page_1:high_page -> page_4:head [fontcolor=red color=red label="high page"];

	page_4 [shape=record, label="<head>Level 20|<6>·|6"]

}

